[
  "sw_if_index 0:",
  "sw_if_index 1:",
  "sw_if_index 2:",
  "  input acl(s): 3, 0",
  "  output acl(s): 4, 0",
  "sw_if_index 3:",
  "  input acl(s): 1, 3, 0",
  "  output acl(s): 2, 4, 0"
]