[
  "sw_if_index 0:",
  "sw_if_index 1:",
  "sw_if_index 2:",
  "  input acl(s): 4, 6, 3",
  "  output acl(s): 5, 7, 3",
  "sw_if_index 3:",
  "  input acl(s): 4, 6, 3",
  "  output acl(s): 5, 7, 3"
]