[
  "sw_if_index 0:",
  "sw_if_index 1:",
  "sw_if_index 2:",
  "sw_if_index 3:",
  "  input acl(s): 1, 0",
  "  output acl(s): 2, 0"
]